twas	1
brillig	1
and	1
the	1
slithy	1
toves	1
did	2
gyre	2
and	2
gimble	2
in	2
the	2
wabe	2
all	3
mimsy	3
were	3
the	3
borogoves	3
and	4
the	4
mome	4
raths	4
outgrabe	4
beware	6
the	6
jabberwock	6
my	6
son	6
the	7
jaws	7
that	7
bite	7
the	7
claws	7
that	7
catch	7
beware	8
the	8
jubjub	8
bird	8
and	8
shun	8
the	9
frumious	9
bandersnatch	9
he	11
took	11
his	11
vorpal	11
sword	11
in	11
hand	11
long	12
time	12
the	12
manxome	12
foe	12
he	12
sought	12
so	13
rested	13
he	13
by	13
the	13
tumtum	13
tree	13
and	14
stood	14
awhile	14
in	14
thought	14
and	16
as	16
in	16
uffish	16
thought	16
he	16
stood	16
the	17
jabberwock	17
with	17
eyes	17
of	17
flame	17
came	18
whiffling	18
through	18
the	18
tulgey	18
wood	18
and	19
burbled	19
as	19
it	19
came	19
one	21
two	21
one	21
two	21
and	21
through	21
and	21
through	21
the	22
vorpal	22
blade	22
went	22
snicker-snack	22
he	23
left	23
it	23
dead	23
and	23
with	23
its	23
head	23
he	24
went	24
galumphing	24
back	24
and	26
hast	26
thou	26
slain	26
the	26
jabberwock	26
come	27
to	27
my	27
arms	27
my	27
beamish	27
boy	27
o	28
frabjous	28
day	28
callooh	28
callay	28
he	29
chortled	29
in	29
his	29
joy	29
twas	31
brillig	31
and	31
the	31
slithy	31
toves	31
did	32
gyre	32
and	32
gimble	32
in	32
the	32
wabe	32
all	33
mimsy	33
were	33
the	33
borogoves	33
and	34
the	34
mome	34
raths	34
outgrabe	34
